JSCompiler_StaticMethods_assoc_BANG_:Re
JSCompiler_StaticMethods_cljs$core$ITransientVector$_assoc_n_BANG_$arity$3:ae
JSCompiler_StaticMethods_divide:va
JSCompiler_StaticMethods_getBits:sa
JSCompiler_StaticMethods_isZero:ua
JSCompiler_StaticMethods_negate:ma
JSCompiler_StaticMethods_shiftRight:xa
JSCompiler_StaticMethods_sval:jd
JSCompiler_StaticMethods_toNumber:ra
JSCompiler_prototypeAlias:f
L 0:a
L 1:b
L 10:p
L 11:q
L 12:r
L 13:v
L 14:B
L 15:H
L 16:K
L 17:R
L 18:X
L 19:ea
L 2:c
L 20:oa
L 21:Fa
L 22:ha
L 23:m
L 24:t
L 25:u
L 26:w
L 27:y
L 28:z
L 29:A
L 3:d
L 30:C
L 31:G
L 32:J
L 33:M
L 34:P
L 35:S
L 36:W
L 37:Z
L 38:da
L 39:ka
L 4:e
L 40:ta
L 41:Aa
L 42:Qa
L 43:pb
L 44:Nc
L 5:g
L 6:h
L 7:k
L 8:l
L 9:n
backend$main$handle_req:kf
cljs:Ca
cljs$core:Da
cljs$core$ArrayChunk:ld
cljs$core$ArrayNode:Be
cljs$core$ArrayNodeIterator:Fe
cljs$core$ArrayNodeSeq:Me
cljs$core$BitmapIndexedNode:xe
cljs$core$BitmapIndexedNode$EMPTY:Ae
cljs$core$Box:re
cljs$core$ChunkBuffer:kd
cljs$core$ChunkedCons:md
cljs$core$ChunkedSeq:Xd
cljs$core$Cons:ed
cljs$core$ES6EntriesIterator:ee
cljs$core$ES6Iterator:gc
cljs$core$EmptyList:dd
cljs$core$HashCollisionNode:Je
cljs$core$HashMapIter:Oe
cljs$core$ICounted:Pa
cljs$core$IIndexed:Ta
cljs$core$IIterable:Gb
cljs$core$IKVReduce:kb
cljs$core$IList:sb
cljs$core$ILookup:Ya
cljs$core$IMap:ab
cljs$core$IMeta:fb
cljs$core$INext:Wa
cljs$core$IPrintWithWriter:vb
cljs$core$IRecord:tb
cljs$core$IReduce:ib
cljs$core$ISeqable:ob
cljs$core$ISequential:rb
cljs$core$ITER_SYMBOL:Na
cljs$core$IVector:db
cljs$core$IndexedSeq:cc
cljs$core$IndexedSeqIterator:wc
cljs$core$KeySeq:Se
cljs$core$Keyword:fd
cljs$core$LazySeq:id
cljs$core$List:Cc
cljs$core$List$EMPTY:ec
cljs$core$MapEntry:fe
cljs$core$MetaFn:Hc
cljs$core$NeverEquiv:be
cljs$core$NodeIterator:we
cljs$core$NodeSeq:Ke
cljs$core$PROTOCOL_SENTINEL:D
cljs$core$PersistentArrayMap:Kb
cljs$core$PersistentArrayMap$EMPTY:Ed
cljs$core$PersistentArrayMap$HASHMAP_THRESHOLD:me
cljs$core$PersistentArrayMapIterator:ie
cljs$core$PersistentArrayMapSeq:he
cljs$core$PersistentHashMap:Pe
cljs$core$PersistentHashMap$EMPTY:ne
cljs$core$PersistentVector:Bd
cljs$core$PersistentVector$EMPTY:Bc
cljs$core$PersistentVector$EMPTY_NODE:Cd
cljs$core$RangedIterator:Pd
cljs$core$Reduced:mc
cljs$core$StringBufferWriter:Ib
cljs$core$Symbol:$b
cljs$core$TransientArrayMap:le
cljs$core$TransientHashMap:Qe
cljs$core$TransientVector:Sd
cljs$core$ValSeq:Te
cljs$core$VectorNode:Hd
cljs$core$_EQ_:fc
cljs$core$_STAR_eval_STAR_:gf
cljs$core$_STAR_loaded_libs_STAR_:Ja
cljs$core$_STAR_print_err_fn_STAR_:Ha
cljs$core$_STAR_print_fn_STAR_:Ga
cljs$core$_STAR_print_level_STAR_:Ia
cljs$core$_as_transient:xb
cljs$core$_assoc:$a
cljs$core$_assoc_BANG_:Ab
cljs$core$_chunked_first:Cb
cljs$core$_chunked_rest:Db
cljs$core$_conj:Sa
cljs$core$_conj_BANG_:yb
cljs$core$_count:Ra
cljs$core$_deref:eb
cljs$core$_drop_first:Bb
cljs$core$_equiv:mb
cljs$core$_first:N
cljs$core$_hash:nb
cljs$core$_indexOf$cljs$0core$0IFn$0_invoke$0arity$03:U
cljs$core$_iterator:Hb
cljs$core$_key:bb
cljs$core$_kv_reduce:lb
cljs$core$_lastIndexOf$cljs$0core$0IFn$0_invoke$0arity$03:Y
cljs$core$_lookup:Za
cljs$core$_meta:gb
cljs$core$_name:Eb
cljs$core$_namespace:Fb
cljs$core$_next:Xa
cljs$core$_nth:Ua
cljs$core$_persistent_BANG_:zb
cljs$core$_pr_writer:wb
cljs$core$_reduce:jb
cljs$core$_rest:Va
cljs$core$_seq:qb
cljs$core$_val:cb
cljs$core$_with_meta:hb
cljs$core$_write:ub
cljs$core$aclone:Oa
cljs$core$apply:Ic
cljs$core$apply$cljs$0core$0IFn$0_invoke$0arity$02:yd
cljs$core$apply$cljs$0core$0IFn$0_invoke$0arity$03:zd
cljs$core$apply_to:sd
cljs$core$apply_to_simple$cljs$0core$0IFn$0_invoke$0arity$03:ud
cljs$core$apply_to_simple$cljs$0core$0IFn$0_invoke$0arity$04:vd
cljs$core$apply_to_simple$cljs$0core$0IFn$0_invoke$0arity$05:wd
cljs$core$apply_to_simple$cljs$0core$0IFn$0_invoke$0arity$06:xd
cljs$core$array__GT_transient_hash_map:qe
cljs$core$array_copy:Rc
cljs$core$array_for:Nd
cljs$core$array_index_of:Gc
cljs$core$array_reduce$cljs$0core$0IFn$0_invoke$0arity$02:pc
cljs$core$array_reduce$cljs$0core$0IFn$0_invoke$0arity$03:qc
cljs$core$array_reduce$cljs$0core$0IFn$0_invoke$0arity$04:rc
cljs$core$assoc:Fc
cljs$core$bit_count:cd
cljs$core$boolean$0:Tc
cljs$core$bounded_count:pd
cljs$core$char_escapes:Xe
cljs$core$chunk_append:od
cljs$core$chunk_cons:nd
cljs$core$chunked_seq:Wd
cljs$core$chunked_seq$cljs$0core$0IFn$0_invoke$0arity$04:Vd
cljs$core$chunked_seq$cljs$0core$0IFn$0_invoke$0arity$05:Yd
cljs$core$chunked_seq_QMARK_:Qc
cljs$core$clone_and_set$cljs$0core$0IFn$0_invoke$0arity$03:te
cljs$core$conj:Ac
cljs$core$conj_BANG_:rd
cljs$core$cons:yc
cljs$core$count:V
cljs$core$counted_QMARK_:sc
cljs$core$create_array_node_seq:He
cljs$core$create_array_node_seq$cljs$0core$0IFn$0_invoke$0arity$01:Ge
cljs$core$create_array_node_seq$cljs$0core$0IFn$0_invoke$0arity$03:Ne
cljs$core$create_inode_seq:ze
cljs$core$create_inode_seq$cljs$0core$0IFn$0_invoke$0arity$01:ye
cljs$core$create_inode_seq$cljs$0core$0IFn$0_invoke$0arity$03:Le
cljs$core$create_node:De
cljs$core$create_node$cljs$0core$0IFn$0_invoke$0arity$06:Ee
cljs$core$create_node$cljs$0core$0IFn$0_invoke$0arity$07:Ce
cljs$core$deref:oc
cljs$core$do_assoc:Od
cljs$core$edit_and_set$cljs$0core$0IFn$0_invoke$0arity$04:ue
cljs$core$empty_ordered_hash:jc
cljs$core$empty_unordered_hash:lc
cljs$core$enable_console_print_BANG_:Ka
cljs$core$equiv_map:de
cljs$core$equiv_sequential:xc
cljs$core$es6_iterator:hc
cljs$core$every_QMARK_:Fd
cljs$core$first:Q
cljs$core$get:ac
cljs$core$hash:Yb
cljs$core$hash_collision_node_find_index:Ie
cljs$core$hash_combine:Zb
cljs$core$hash_ordered_coll:ic
cljs$core$hash_string:Xb
cljs$core$hash_unordered_coll:kc
cljs$core$identity:ad
cljs$core$imul:Qb
cljs$core$indexed_QMARK_:tc
cljs$core$inode_kv_reduce:ve
cljs$core$iter_reduce$cljs$0core$0IFn$0_invoke$0arity$02:Yc
cljs$core$iter_reduce$cljs$0core$0IFn$0_invoke$0arity$03:Zc
cljs$core$iterable_QMARK_:bc
cljs$core$key:oe
cljs$core$key_test:se
cljs$core$keys:je
cljs$core$keyword:gd
cljs$core$linear_traversal_nth$cljs$0core$0IFn$0_invoke$0arity$03:Dc
cljs$core$lookup_sentinel:Sc
cljs$core$m3_fmix:Tb
cljs$core$m3_hash_unencoded_chars:Ub
cljs$core$m3_mix_H1:Sb
cljs$core$m3_mix_K1:Rb
cljs$core$map:Gd
cljs$core$map_QMARK_:Mc
cljs$core$map_entry_QMARK_:ge
cljs$core$meta:Kc
cljs$core$missing_protocol:F
cljs$core$name:hd
cljs$core$native_satisfies_QMARK_:E
cljs$core$never_equiv:ce
cljs$core$new_path:Kd
cljs$core$next:T
cljs$core$next_STAR_:td
cljs$core$nil_iter:Ad
cljs$core$nth:vc
cljs$core$nth$cljs$0core$0IFn$0_invoke$0arity$02:uc
cljs$core$nth$cljs$0core$0IFn$0_invoke$0arity$03:Ec
cljs$core$pr_sequential_writer:Ue
cljs$core$pr_str_STAR_:Jb
cljs$core$pr_writer:af
cljs$core$pr_writer_impl:$e
cljs$core$prim_seq$cljs$0core$0IFn$0_invoke$0arity$02:zc
cljs$core$print_map:bf
cljs$core$print_meta_QMARK_:Ze
cljs$core$print_prefix_map:ef
cljs$core$push_tail:Ld
cljs$core$pv_fresh_node:Id
cljs$core$pv_reduce$cljs$0core$0IFn$0_invoke$0arity$04:Qd
cljs$core$pv_reduce$cljs$0core$0IFn$0_invoke$0arity$05:Rd
cljs$core$quot:bd
cljs$core$quote_string:Ye
cljs$core$record_QMARK_:Oc
cljs$core$reduce:Wc
cljs$core$reduce$cljs$0core$0IFn$0_invoke$0arity$03:Vc
cljs$core$reduce_kv:$c
cljs$core$reduced_QMARK_:nc
cljs$core$rest:dc
cljs$core$seq:O
cljs$core$seq_reduce$cljs$0core$0IFn$0_invoke$0arity$02:Uc
cljs$core$seq_reduce$cljs$0core$0IFn$0_invoke$0arity$03:Xc
cljs$core$sequential_QMARK_:Lc
cljs$core$spread:qd
cljs$core$str:I
cljs$core$string_hash_cache:Vb
cljs$core$string_hash_cache_count:Wb
cljs$core$t_cljs$0core6344:Ea
cljs$core$tail_off:Jd
cljs$core$tapset:ff
cljs$core$truth_:La
cljs$core$tv_editable_root:Td
cljs$core$tv_editable_tail:Ud
cljs$core$tv_ensure_editable:Zd
cljs$core$tv_push_tail:$d
cljs$core$type__GT_str:Ma
cljs$core$unchecked_array_for:Md
cljs$core$val:pe
cljs$core$vals:ke
cljs$core$vector_QMARK_:Pc
cljs$core$with_meta:Jc
cljs$core$write_all$cljs$0core$0IFn$0_invoke$0arity$0variadic:We
cljs$cst$keyword$alt_DASH_impl:cf
cljs$cst$keyword$dup:Ob
cljs$cst$keyword$fallback_DASH_impl:df
cljs$cst$keyword$flush_DASH_on_DASH_newline:Lb
cljs$cst$keyword$meta:Nb
cljs$cst$keyword$more_DASH_marker:Ve
cljs$cst$keyword$print_DASH_length:Pb
cljs$cst$keyword$readably:Mb
cljs$cst$symbol$meta6345:Dd
goog$UID_PROPERTY_:aa
goog$array$toArray:za
goog$math$Integer:ca
goog$math$Integer$IntCache_:fa
goog$math$Integer$ONE:pa
goog$math$Integer$TWO_PWR_24_:qa
goog$math$Integer$TWO_PWR_32_DBL_:na
goog$math$Integer$ZERO:la
goog$math$Integer$carry16_:wa
goog$math$Integer$fromInt:ia
goog$math$Integer$fromNumber:ja
goog$object$getKeys:ya
goog$string$StringBuffer:Ba
goog$typeOf:x
goog$uidCounter_:ba
shadow$js$shim$module$0express:hf
shadow$js$shim$module$0path:jf
